// Jest Snapshot v1, https://goo.gl/fbAQLP

exports[`<App /> should match its reference snapshot 1`] = `
<div
  className="App"
>
  <h1
    className="header"
  >
    Top Players
  </h1>
  <GetOnlinePlayers />
</div>
`;
